// Jest Snapshot v1, https://goo.gl/fbAQLP

exports[`LocalDatetime allows specifying a custom format 1`] = `<time datetime="1977-05-25 00:00:00">May 25th 77</time>`;

exports[`LocalDatetime matches snapshot 1`] = `<time datetime="1977-05-25 00:00:00">May 25 1977 0:00</time>`;
